    Finished `dev` profile [unoptimized + debuginfo] target(s) in 0.15s
     Running `/mnt/build/cargo-target/debug/xtask ci`

=== Building web frontend ===
=== Generating TypeScript types ===
Exporting Document...
Exporting EntityRef...
Exporting TriangleMesh...
Exporting ErrorResponse...
TypeScript types exported to /home/bacon/mycad/web/src/generated

--- Installing web dependencies ---

added 60 packages, and audited 61 packages in 3s

15 packages are looking for funding
  run `npm fund` for details

found 0 vulnerabilities

--- TypeScript type check ---

--- Running vitest ---

 RUN  v3.2.4 /home/bacon/mycad/web

 ✓ src/mesh.test.ts (23 tests) 33ms

 Test Files  1 passed (1)
      Tests  23 passed (23)
   Start at  04:07:28
   Duration  869ms (transform 108ms, setup 0ms, collect 164ms, tests 33ms, environment 0ms, prepare 135ms)


--- Building web frontend (vite build) ---
vite v6.4.2 building for production...
transforming...
✓ 10 modules transformed.
rendering chunks...
computing gzip size...
dist/index.html                  1.31 kB │ gzip:   0.52 kB
dist/assets/index-tVfEkvZu.js  490.28 kB │ gzip: 122.92 kB
✓ built in 2.27s

=== Web build complete ===

=== Checking formatting ===

=== Running clippy ===
   Compiling mycad-api v0.1.0 (/home/bacon/mycad/crates/mycad-api)
    Checking mycad-viewer v0.1.0 (/home/bacon/mycad/crates/mycad-viewer)
    Checking xtask v0.0.0 (/home/bacon/mycad/crates/xtask)
    Checking mycad-cli v0.1.0 (/home/bacon/mycad/crates/mycad-cli)
    Finished `dev` profile [unoptimized + debuginfo] target(s) in 0.82s

=== Running tests ===
   Compiling mycad-api v0.1.0 (/home/bacon/mycad/crates/mycad-api)
warning: unused imports: `SketchPlane` and `SketchSegment`
  --> crates/mycad-build/tests/feature_dispatcher.rs:68:42
   |
68 |     use mycad_format::feature::{Feature, SketchPlane, SketchSegment};
   |                                          ^^^^^^^^^^^  ^^^^^^^^^^^^^
   |
   = note: `#[warn(unused_imports)]` (part of `#[warn(unused)]`) on by default

warning: `mycad-build` (test "feature_dispatcher") generated 1 warning (run `cargo fix --test "feature_dispatcher" -p mycad-build` to apply 1 suggestion)
   Compiling mycad-cli v0.1.0 (/home/bacon/mycad/crates/mycad-cli)
   Compiling xtask v0.0.0 (/home/bacon/mycad/crates/xtask)
    Finished `test` profile [unoptimized + debuginfo] target(s) in 1.47s
     Running unittests src/lib.rs (/mnt/build/cargo-target/debug/deps/mycad_api-c6622b129b34b45c)

running 0 tests

test result: ok. 0 passed; 0 failed; 0 ignored; 0 measured; 0 filtered out; finished in 0.00s

     Running unittests src/main.rs (/mnt/build/cargo-target/debug/deps/mycad_api-56ccd43d5f69a8e7)

running 0 tests

test result: ok. 0 passed; 0 failed; 0 ignored; 0 measured; 0 filtered out; finished in 0.00s

     Running tests/api_fallback.rs (/mnt/build/cargo-target/debug/deps/api_fallback-2ed11599e551012c)

running 2 tests
test t12_api_unknown_path_json_404 ... ok
test t13_api_mesh_trailing_slash_json_404 ... ok

test result: ok. 2 passed; 0 failed; 0 ignored; 0 measured; 0 filtered out; finished in 0.00s

     Running tests/api_fallback_edge.rs (/mnt/build/cargo-target/debug/deps/api_fallback_edge-6236ffd58819936c)

running 11 tests
test e02_unknown_with_query ... ok
test e03_post_unknown_api_path ... ok
test e01_deeply_nested_unknown ... ok
test e05_delete_unknown_api_path ... ok
test e04_put_unknown_api_path ... ok
test e06_api_v0_root ... ok
test e08_mesh_no_query_not_static ... ok
test e07_api_v0_root_trailing_slash_is_static ... ok
test e11_api_without_v0_not_json_404 ... ok
test e10_static_assets_still_serve ... ok
test e09_special_chars_unknown ... ok

test result: ok. 11 passed; 0 failed; 0 ignored; 0 measured; 0 filtered out; finished in 0.00s

     Running tests/mesh_api.rs (/mnt/build/cargo-target/debug/deps/mesh_api-178e298b03ea9442)

running 12 tests
test t04_not_found ... ok
test t06_host_header_rebinding ... ok
test t05_invalid_extension ... ok
test t08_degenerate_dimension ... ok
test t10_empty_part ... ok
test t09_assembly_unsupported ... ok
test t01_normal_box ... ok
test t07_extrude_success ... ok
test t18_extrude_determinism ... ok
test t02_normal_cylinder ... ok
test t03_determinism ... ok
test t17_sphere_success ... ok

test result: ok. 12 passed; 0 failed; 0 ignored; 0 measured; 0 filtered out; finished in 0.01s

     Running tests/static_assets.rs (/mnt/build/cargo-target/debug/deps/static_assets-4daf3925ff807a84)

running 6 tests
test t08_static_assets_host_guard_root ... ok
test t08_static_assets_host_guard_assets ... ok
test t04_missing_asset_falls_back ... ok
test t03_root_returns_html ... ok
test t05_mesh_api_still_works ... ok
test t09_real_viewer_asset_served ... ok

test result: ok. 6 passed; 0 failed; 0 ignored; 0 measured; 0 filtered out; finished in 0.01s

     Running tests/static_assets_edge.rs (/mnt/build/cargo-target/debug/deps/static_assets_edge-bee844cce142daa9)

running 15 tests
test edge_api_mesh_relative_path_rejected ... ok
test edge_empty_query_file ... ok
test edge_api_mesh_missing_file ... ok
test edge_host_guard_0_0_0_0_allowed ... ok
test edge_host_guard_bare_ip_allowed ... ok
test edge_host_guard_domain_still_blocked ... ok
test edge_host_guard_ip_with_subdomain_blocked ... ok
test edge_deterministic_index_html ... ok
test edge_host_guard_ipv4_no_port_allowed ... ok
test edge_host_guard_tailscale_ip_allowed ... ok
test edge_host_guard_ipv6_bracket_allowed ... ok
test edge_host_guard_loopback_ip_allowed ... ok
test edge_localhost_host_allowed ... ok
test edge_root_no_host_header ... ok
test edge_traversal_path_serves_index ... ok

test result: ok. 15 passed; 0 failed; 0 ignored; 0 measured; 0 filtered out; finished in 0.00s

     Running unittests src/lib.rs (/mnt/build/cargo-target/debug/deps/mycad_build-bc13acd310c6ca85)

running 0 tests

test result: ok. 0 passed; 0 failed; 0 ignored; 0 measured; 0 filtered out; finished in 0.00s

     Running tests/feature_dispatcher.rs (/mnt/build/cargo-target/debug/deps/feature_dispatcher-5f3a17aef13b54c9)

running 9 tests
test duplicate_feature_id ... ok
test duplicate_segment_id ... ok
test forward_reference_prohibited ... ok
test cylinder_mycad_builds_solid ... ok
test multiple_solid_features ... ok
test sketch_not_found ... ok
test simple_box_mycad_builds_solid ... ok
test sphere_mycad_builds_solid ... ok
test extruded_rect_mycad_builds_solid ... ok

test result: ok. 9 passed; 0 failed; 0 ignored; 0 measured; 0 filtered out; finished in 0.00s

     Running unittests src/main.rs (/mnt/build/cargo-target/debug/deps/mycad-6bb2adeb54af015e)

running 12 tests
test view::tests::default_port_value ... ok
test view::tests::edge_build_view_url_deterministic_100_runs ... ok
test view::tests::edge_build_view_url_no_file_param ... ok
test view::tests::edge_build_view_url_port_zero ... ok
test view::tests::edge_build_view_url_port_max ... ok
test view::tests::t02_build_view_url_format ... ok
test view::tests::t01_build_view_url_deterministic ... ok
test view::tests::t07_run_view_missing_file ... ok
test view::tests::edge_bind_listener_all_ports_in_use ... ok
test view::tests::t10_bind_listener_port_overflow ... ok
test view::tests::t10_bind_listener_max_port_wrap ... ok
test view::tests::t06_bind_listener_fallback ... ok

test result: ok. 12 passed; 0 failed; 0 ignored; 0 measured; 0 filtered out; finished in 0.04s

     Running tests/export.rs (/mnt/build/cargo-target/debug/deps/export-01b7ecf9e805f310)

running 4 tests
error: failed to build solid: invalid parameter: profile
test export_invalid_profile_fails_no_stl ... ok
test export_simple_box_produces_12_facets ... ok
test export_extruded_rect_produces_12_facets ... ok
test export_sphere_produces_960_facets ... ok

test result: ok. 4 passed; 0 failed; 0 ignored; 0 measured; 0 filtered out; finished in 0.05s

     Running unittests src/lib.rs (/mnt/build/cargo-target/debug/deps/mycad_format-b2f4cae3f7a5c0f4)

running 12 tests
test document::tests::test_from_path_invalid_extension ... ok
test document::tests::test_from_path_missing_file_returns_io_error ... ok
test document::tests::test_from_path_loads_simple_box ... ok
test document::tests::test_roundtrip_yaml ... ok
test document::tests::test_extruded_rect_yaml_golden ... ok
test document::tests::test_yaml_is_deterministic ... ok
test feature::tests::test_create_sphere_yaml_golden ... ok
test feature::tests::test_create_sketch_yaml_golden ... ok
test feature::tests::test_entity_ref_serialization ... ok
test document::tests::test_assembly_roundtrip ... ok
test feature::tests::test_feature_serialization ... ok
test document::tests::test_ts_derive_backward_compat ... ok

test result: ok. 12 passed; 0 failed; 0 ignored; 0 measured; 0 filtered out; finished in 0.00s

     Running unittests src/lib.rs (/mnt/build/cargo-target/debug/deps/mycad_kernel-37b0fb5d772c1961)

running 119 tests
test brep::topology::tests::test_id_generator_is_deterministic ... ok
test brep::topology::tests::test_solid_add_vertex ... ok
test brep::topology::tests::test_validate_manifold_coincident_vertices_not_closed ... ok
test brep::topology::tests::test_validate_manifold_edge_with_one_he ... ok
test brep::topology::tests::test_validate_manifold_empty_outer_loop ... ok
test brep::topology::tests::test_validate_manifold_face_oob_inner_loop ... ok
test brep::topology::tests::test_validate_manifold_face_oob_loop ... ok
test brep::topology::tests::test_validate_manifold_he_oob_edge ... ok
test brep::topology::tests::test_validate_manifold_isolated_edge_zero_he ... ok
test brep::topology::tests::test_validate_manifold_same_orientation_hes ... ok
test geometry::math::tests::test_angle_near_negative_values ... ok
test brep::topology::tests::test_validate_manifold_shell_oob_face ... ok
test geometry::math::tests::test_length_near_identical ... ok
test geometry::math::tests::test_determinism_100_runs ... ok
test geometry::math::tests::test_length_near_large_values ... ok
test geometry::math::tests::test_orthonormal_basis_x_axis ... ok
test geometry::math::tests::test_orthonormal_basis_z_axis ... ok
test geometry::math::tests::test_point_near_coincident ... ok
test geometry::math::tests::test_t01_constant_values ... ok
test geometry::math::tests::test_t02_constants_are_small_positive ... ok
test geometry::math::tests::test_point_near_scaled_zero_scale ... ok
test geometry::math::tests::test_t03_angle_near_boundary ... ok
test geometry::math::tests::test_t03_length_near_boundary ... ok
test geometry::math::tests::test_t03_point_near_boundary ... ok
test geometry::math::tests::test_t04_point_near_scaled_boundary ... ok
test geometry::math::tests::test_t05_crate_root_reexport ... ok
test geometry::surface::tests::test_apex_tolerance_is_smaller_than_length_tolerance ... ok
test geometry::surface::tests::test_plane_normal_constant_per_point ... ok
test geometry::surface::tests::test_sphere_normal_varies_per_point ... ok
test geometry::surface::tests::test_t01_apex_tolerance_value ... ok
test geometry::surface::tests::test_t10_cone_normal_at_apex_above_threshold ... ok
test geometry::surface::tests::test_t10_cone_normal_at_apex_below_threshold ... ok
test geometry::surface::tests::test_t10_cone_normal_at_apex_exactly_threshold ... ok
test geometry::surface::tests::test_uv_of_roundtrip_cone ... ok
test geometry::surface::tests::test_uv_of_roundtrip_plane ... ok
test geometry::surface::tests::test_uv_of_roundtrip_cylinder ... ok
test geometry::surface::tests::test_uv_of_roundtrip_sphere ... ok
test primitives::cuboid::tests::test_cuboid_deterministic ... ok
test primitives::cuboid::tests::test_cuboid_vertex_positions ... ok
test primitives::cuboid::tests::test_make_cuboid_invalid_dimensions ... ok
test primitives::cuboid::tests::test_cuboid_topology ... ok
test primitives::cuboid::tests::test_make_cuboid_near_zero_positive_ok ... ok
test primitives::cylinder::tests::test_cylinder_degenerate_inputs ... ok
test primitives::cylinder::tests::test_cylinder_deterministic ... ok
test primitives::cylinder::tests::test_cylinder_euler ... ok
test primitives::cylinder::tests::test_cylinder_geometry ... ok
test primitives::cylinder::tests::test_cylinder_manifold_and_loop_closure ... ok
test primitives::cylinder::tests::test_cylinder_surface_tessellation_strategy ... ok
test primitives::cylinder::tests::test_cylinder_topology ... ok
test primitives::extrusion::tests::test_degenerate_collinear ... ok
test primitives::extrusion::tests::test_cap_geometry_xy ... ok
test primitives::extrusion::tests::test_degenerate_profile_few_vertices ... ok
test primitives::extrusion::tests::test_degenerate_depth ... ok
test primitives::extrusion::tests::test_degenerate_zero_length_edge ... ok
test primitives::extrusion::tests::test_degenerate_zero_area ... ok
test primitives::extrusion::tests::test_deterministic ... ok
test primitives::extrusion::tests::test_euler ... ok
test primitives::extrusion::tests::test_large_coordinates ... ok
test primitives::extrusion::tests::test_non_convex_rejected ... ok
test primitives::extrusion::tests::test_orientation_xy_ccw ... ok
test primitives::extrusion::tests::test_manifold ... ok
test primitives::extrusion::tests::test_orientation_xz_plane ... ok
test primitives::extrusion::tests::test_orientation_xy_cw ... ok
test primitives::extrusion::tests::test_orientation_xz_plane_cw ... ok
test primitives::extrusion::tests::test_orientation_yz_plane ... ok
test primitives::extrusion::tests::test_orientation_yz_plane_cw ... ok
test primitives::extrusion::tests::test_pentagon ... ok
test primitives::extrusion::tests::test_rect_topology ... ok
test primitives::extrusion::tests::test_self_intersecting_rejected ... ok
test primitives::extrusion::tests::test_side_face_segment_order ... ok
test primitives::extrusion::tests::test_too_small_rejected ... ok
test primitives::extrusion::tests::test_small_but_valid ... ok
test primitives::sphere::tests::test_sphere_degenerate_inputs ... ok
test primitives::sphere::tests::test_sphere_deterministic ... ok
test primitives::sphere::tests::test_sphere_euler ... ok
test primitives::sphere::tests::test_sphere_geometry ... ok
test primitives::sphere::tests::test_sphere_100_run_determinism ... ok
test primitives::sphere::tests::test_sphere_large_radius ... ok
test primitives::sphere::tests::test_sphere_manifold_and_loop_closure ... ok
test primitives::sphere::tests::test_sphere_negative_zero_radius ... ok
test primitives::sphere::tests::test_sphere_self_adjacent_validate_manifold ... ok
test primitives::sphere::tests::test_sphere_surface_tessellation_strategy ... ok
test primitives::sphere::tests::test_sphere_tiny_radius ... ok
test primitives::sphere::tests::test_sphere_roundtrip_serde ... ok
test primitives::sphere::tests::test_sphere_topology ... ok
test primitives::sphere::tests::test_validate_manifold_detects_broken_loop ... ok
test tessellation::stl::tests::ascii_stl_cuboid_structure ... ok
test tessellation::tests::test_non_canonical_sphere_face ... ok
test tessellation::tests::test_partial_revolution_cylinder_face_errors ... ok
test tessellation::tests::test_cuboid_positions_indices_snapshot ... ok
test tessellation::stl::tests::ascii_stl_deterministic ... ok
test tessellation::tests::test_sphere_minimum_angular_watertight ... ok
test tessellation::tests::test_t09_degenerate_triangle_not_added ... ok
test tessellation::tests::test_cylinder_outward_normals ... ok
test tessellation::tests::test_t09_identical_points_triangle_not_added ... ok
test tessellation::tests::test_t09_near_degenerate_triangle_added ... ok
test tessellation::tests::test_t06_full_revolution_rejects_at_angle_tolerance ... ok
test tessellation::tests::test_tessellate_cuboid ... ok
test tessellation::tests::test_sphere_extreme_large_radius_tessellation ... ok
test tessellation::tests::test_sphere_zero_segments_clamped ... ok
test tessellation::tests::test_sphere_large_radius_tessellation ... ok
test tessellation::tests::test_t09_normal_triangle_added ... ok
test tessellation::tests::test_tessellate_cuboid_unchanged ... ok
test tessellation::tests::test_tessellation_options_clamp ... ok
test tessellation::tests::test_unsupported_surface_error ... ok
test tessellation::tests::test_tessellation_deterministic ... ok
test tessellation::tests::test_sphere_outward_normals ... ok
test tessellation::tests::test_sphere_triangle_count ... ok
test primitives::extrusion::tests::test_determinism_100_runs ... ok
test tessellation::tests::test_zero_segments_clamped_at_use ... ok
test tessellation::tests::test_sphere_tiny_radius_tessellation ... ok
test tessellation::tests::test_sphere_pole_integrity ... ok
test tessellation::tests::test_tessellate_cylinder_triangle_count ... ok
test tessellation::tests::test_sphere_tessellation_deterministic ... ok
test tessellation::tests::test_tessellation_cylinder_deterministic ... ok
test tessellation::tests::test_sphere_watertight ... ok
test tessellation::tests::test_different_resolution_different_count ... ok
test tessellation::tests::test_sphere_various_angular_segments ... ok
test tessellation::tests::test_sphere_tessellation_100_runs ... ok

test result: ok. 119 passed; 0 failed; 0 ignored; 0 measured; 0 filtered out; finished in 0.11s

     Running tests/cuboid_roundtrip.rs (/mnt/build/cargo-target/debug/deps/cuboid_roundtrip-232decb347781cd7)

running 2 tests
test cuboid_to_mesh_pipeline ... ok
test cuboid_pipeline_is_deterministic ... ok

test result: ok. 2 passed; 0 failed; 0 ignored; 0 measured; 0 filtered out; finished in 0.00s

     Running unittests src/lib.rs (/mnt/build/cargo-target/debug/deps/mycad_viewer-28d36ab3da0c1484)

running 0 tests

test result: ok. 0 passed; 0 failed; 0 ignored; 0 measured; 0 filtered out; finished in 0.00s

     Running unittests src/main.rs (/mnt/build/cargo-target/debug/deps/xtask-6780aa5ac10b36de)

running 9 tests
test tests::t01_determinism ... ok
test tests::t02_feature_tagged_union ... ok
test tests::t03_triangle_mesh ... ok
test tests::t04_document_and_component ... ok
test tests::t05_component_ref_is_string ... ok
test tests::t06_gen_ts_produces_all_files ... ok
test tests::t09_api_transport_dto ... ok
test tests::t10_entity_ref_explicit_root ... ok
test tests::t01_determinism_100_runs has been running for over 60 seconds
test tests::t01_determinism_100_runs ... ok

test result: ok. 9 passed; 0 failed; 0 ignored; 0 measured; 0 filtered out; finished in 73.55s

   Doc-tests mycad_api

running 0 tests

test result: ok. 0 passed; 0 failed; 0 ignored; 0 measured; 0 filtered out; finished in 0.00s

   Doc-tests mycad_build

running 0 tests

test result: ok. 0 passed; 0 failed; 0 ignored; 0 measured; 0 filtered out; finished in 0.00s

   Doc-tests mycad_format

running 0 tests

test result: ok. 0 passed; 0 failed; 0 ignored; 0 measured; 0 filtered out; finished in 0.00s

   Doc-tests mycad_kernel

running 0 tests

test result: ok. 0 passed; 0 failed; 0 ignored; 0 measured; 0 filtered out; finished in 0.00s

   Doc-tests mycad_viewer

running 0 tests

test result: ok. 0 passed; 0 failed; 0 ignored; 0 measured; 0 filtered out; finished in 0.00s


=== Building ===
   Compiling mycad-api v0.1.0 (/home/bacon/mycad/crates/mycad-api)
   Compiling mycad-cli v0.1.0 (/home/bacon/mycad/crates/mycad-cli)
   Compiling xtask v0.0.0 (/home/bacon/mycad/crates/xtask)
    Finished `dev` profile [unoptimized + debuginfo] target(s) in 1.55s

=== Checking TS drift ===

=== Release verification ===
Building release binary...
   Compiling mycad-api v0.1.0 (/home/bacon/mycad/crates/mycad-api)
   Compiling mycad-cli v0.1.0 (/home/bacon/mycad/crates/mycad-cli)
    Finished `release` profile [optimized] target(s) in 2.16s
Running release smoke test...
   Compiling mycad-api v0.1.0 (/home/bacon/mycad/crates/mycad-api)
    Finished `release` profile [optimized] target(s) in 2.06s
     Running unittests src/lib.rs (/mnt/build/cargo-target/release/deps/mycad_api-09801602a84e0d6e)

running 0 tests

test result: ok. 0 passed; 0 failed; 0 ignored; 0 measured; 0 filtered out; finished in 0.00s

     Running unittests src/main.rs (/mnt/build/cargo-target/release/deps/mycad_api-e172891a2fd7fefb)

running 0 tests

test result: ok. 0 passed; 0 failed; 0 ignored; 0 measured; 0 filtered out; finished in 0.00s

     Running tests/api_fallback.rs (/mnt/build/cargo-target/release/deps/api_fallback-66287c42e80c0061)

running 0 tests

test result: ok. 0 passed; 0 failed; 0 ignored; 0 measured; 2 filtered out; finished in 0.00s

     Running tests/api_fallback_edge.rs (/mnt/build/cargo-target/release/deps/api_fallback_edge-82e5c03ab5ee0eef)

running 1 test
test e10_static_assets_still_serve ... ok

test result: ok. 1 passed; 0 failed; 0 ignored; 0 measured; 10 filtered out; finished in 0.00s

     Running tests/mesh_api.rs (/mnt/build/cargo-target/release/deps/mesh_api-8f7784d18082eb40)

running 0 tests

test result: ok. 0 passed; 0 failed; 0 ignored; 0 measured; 12 filtered out; finished in 0.00s

     Running tests/static_assets.rs (/mnt/build/cargo-target/release/deps/static_assets-dd71fff00c4a65d6)

running 2 tests
test t08_static_assets_host_guard_root ... ok
test t08_static_assets_host_guard_assets ... ok

test result: ok. 2 passed; 0 failed; 0 ignored; 0 measured; 4 filtered out; finished in 0.00s

     Running tests/static_assets_edge.rs (/mnt/build/cargo-target/release/deps/static_assets_edge-f9a72895ef7bc600)

running 0 tests

test result: ok. 0 passed; 0 failed; 0 ignored; 0 measured; 15 filtered out; finished in 0.00s


=== All CI checks passed ===
